<?xml version="1.0" encoding="utf-8"?>
<cms.emailtemplate>
  <EmailTemplateDisplayName>Workflow - Page approved</EmailTemplateDisplayName>
  <EmailTemplateGUID>5d4c7b49-0a86-457e-b39c-79be2cc48173</EmailTemplateGUID>
  <EmailTemplateName>Workflow.Approved</EmailTemplateName>
  <EmailTemplatePlainText>
<![CDATA[
This is an automatic notification sent by Kentico CMS. The following page was approved. 

Page: [url={%DocumentEditUrl%}]{%documentname%}[/url] {% ifEmpty(DocumentPreviewUrl, "", "([url=" + DocumentPreviewUrl + "]preview[/url])")|(identity)GlobalAdministrator|(hash)982f9b021328a313e3661f2a6a3eac19919f053eaf8c75250f0d7127c1b542e9%}
Approved by: {%approvedby%} 
Approved when: {%approvedwhen%} 
Original step: {%originalstepname%} 
Current step: {%currentstepname%} 
Comment: 
{%comment%} 

]]>
  </EmailTemplatePlainText>
  <EmailTemplateSubject>
    <![CDATA[Page '{%DocumentName%}' approved]]>
  </EmailTemplateSubject>
  <EmailTemplateText>
<![CDATA[
<html>
  <head>
  </head>
  <body style="font-size: 12px; font-family: arial">
    <p>
    This is an automatic notification sent by Kentico CMS. The following page was approved.
    </p>
    <p>
    <strong>Page:</strong> <a href="{%DocumentEditUrl%}">{%documentname%}</a> {% ifEmpty(DocumentPreviewUrl, "", "(<a href=\"" + DocumentPreviewUrl + "\">preview</a>)")|(encode)false%}
    <br />
    <br />
    <strong>Approved by:</strong> {%ApprovedBy%}
    <br />
    <strong>Approved when:</strong> {%ApprovedWhen%}
    <br />
    <strong>Original step:</strong> {%originalstepname%}
    <br />
    <strong>Current step:</strong> {%currentstepname%}
    <br />
    <strong>Comment:</strong>
    <br />
    {%Comment%}
    </p>
  </body>
</html>
]]>
  </EmailTemplateText>
  <EmailTemplateType>workflow</EmailTemplateType>
</cms.emailtemplate>